C251 COMPILER V5.60.0,  ADC_Get                                                            08/10/25  12:04:18  PAGE 1   


C251 COMPILER V5.60.0, COMPILATION OF MODULE ADC_Get
OBJECT MODULE PLACED IN .\out_file\ADC_Get.obj
COMPILER INVOKED BY: D:\keil\C251\BIN\C251.EXE ..\code\ADC_Get.c LARGE NOALIAS FLOAT64 WARNINGLEVEL(3) OPTIMIZE(3,SIZE) 
                    -BROWSE INCDIR(..\..\libraries\zf_common;..\..\libraries\zf_components;..\..\libraries\zf_device;..\..\libraries\zf_drive
                    -r;..\user;..\code) DEBUG PRINT(.\out_file\ADC_Get.lst) OBJECT(.\out_file\ADC_Get.obj) 

stmt  level    source

    1          #include "ADC_Get.h"
    2          
    3          unsigned int raw_adc_data[4][5]={0};        // 原始数据数组
    4          unsigned int filtered_adc[4]={0};           // 滤波后的ADC值数组
    5          unsigned int ADC_Num[7]={0};
    6          //电感ADC通道和定时器初始化//
    7          void ADC_GetInit(void)
    8          {   
    9   1          adc_init(ADC1_PIN,ADC_10BIT);
   10   1          adc_init(ADC2_PIN,ADC_10BIT);
   11   1          adc_init(ADC3_PIN,ADC_10BIT);
   12   1          adc_init(ADC4_PIN,ADC_10BIT);
   13   1              
   14   1      //      adc_init(ADC5_PIN,ADC_10BIT);
   15   1      //    adc_init(ADC6_PIN,ADC_10BIT);
   16   1      //    adc_init(ADC8_PIN,ADC_10BIT);
   17   1      }
   18          
   19          //ADC采样+滤波
   20          unsigned int adc_filter(unsigned int *samples, unsigned char count)
   21          {
   22   1          unsigned char i;
   23   1          unsigned long sum = 0;
   24   1              unsigned int max=samples[0];
   25   1              unsigned int min=samples[0];
   26   1          
   27   1          if (count < 3) 
   28   1          {
   29   2              for (i = 0; i < count; i++) 
   30   2              {
   31   3                  sum += samples[i];
   32   3              }
   33   2              return (unsigned int)(sum / count);
   34   2          }
   35   1          for (i = 0; i < count; i++) 
   36   1          {
   37   2                      max=(samples[i] > max ) ? samples[i]:max;
   38   2                      min=(samples[i] < min ) ? samples[i]:min;
   39   2                      sum += samples[i];
   40   2              }
   41   1          return (unsigned int)((sum - max - min) / (count - 2));
   42   1      }
   43          
   44          // ADC采样 和 滤波处理 函数
   45          void ADC_SampleAndFilter(void)
   46          {
   47   1          unsigned char sample_index=0;          // 采样循环计数器
   48   1          unsigned char channel_index=0;         // 通道循环计数器
   49   1          
   50   1          // 采集5次数据
   51   1          for (sample_index = 0; sample_index < 3; sample_index++) 
   52   1          {
   53   2              raw_adc_data[0][sample_index] = adc_convert(ADC1_PIN);
   54   2              raw_adc_data[1][sample_index] = adc_convert(ADC2_PIN);
   55   2              raw_adc_data[2][sample_index] = adc_convert(ADC3_PIN);
   56   2              raw_adc_data[3][sample_index] = adc_convert(ADC4_PIN);
   57   2          }
C251 COMPILER V5.60.0,  ADC_Get                                                            08/10/25  12:04:18  PAGE 2   

   58   1          
   59   1          // 滤波处理
   60   1          for (channel_index = 0; channel_index < 4; channel_index++) 
   61   1          {
   62   2              filtered_adc[channel_index] = adc_filter(raw_adc_data[channel_index], 3);
   63   2          }
   64   1              ADC_1=filtered_adc[0];
   65   1              ADC_2=filtered_adc[1];
   66   1              ADC_3=filtered_adc[2];
   67   1              ADC_4=filtered_adc[3];
   68   1      }
   69          
   70          //void ADC_ALL_GET()
   71          //{
   72          //      unsigned char i;
   73          //      for(i= 0;i<7;i++)
   74          //      {
   75          //              ADC_1=adc_convert(ADC1_PIN);
   76          //              ADC_2=adc_convert(ADC2_PIN);
   77          //              ADC_3=adc_convert(ADC3_PIN);
   78          //              ADC_4=adc_convert(ADC4_PIN);
   79          //              ADC_5=adc_convert(ADC5_PIN);
   80          //              ADC_6=adc_convert(ADC6_PIN);
   81          //              ADC_8=adc_convert(ADC8_PIN);
   82          //      }
   83          //}
   84          //电池电压检测
   85          bit Battery_Init=0;
   86          unsigned int battery_get(void)
   87          {
   88   1          unsigned int BGV = (VREFH_ARR << 8) + VREFL_ARR;
   89   1          unsigned int battery_adc = 0;
   90   1          unsigned int ref_adc;
   91   1          unsigned int battery_v;
   92   1          unsigned char i;
   93   1          
   94   1          //通过全局变量标志位避免重复初始化
   95   1          if(Battery_Init==0)
   96   1          {
   97   2              adc_init(ADC_CH15_POWR,ADC_10BIT);
   98   2              adc_init(ADC_CH5_P15,ADC_10BIT);
   99   2              Battery_Init=1;
  100   2          }
  101   1          //采集三次取平均
  102   1          for (i = 0; i < 3; i++) 
  103   1          {
  104   2              battery_adc += adc_convert(ADC_CH5_P15);
  105   2          }
  106   1          battery_adc /= 3;                    
  107   1          
  108   1          ref_adc = adc_convert(ADC_CH15_POWR);
  109   1          
  110   1          battery_v = (unsigned int)((unsigned long)BGV * battery_adc / ref_adc);
  111   1          
  112   1          return battery_v*4;
  113   1      }


Module Information          Static   Overlayable
------------------------------------------------
  code size            =       561     ------
  ecode size           =    ------     ------
  data size            =    ------     ------
  idata size           =    ------     ------
  pdata size           =    ------     ------
  xdata size           =        62          2
  xdata-const size     =    ------     ------
C251 COMPILER V5.60.0,  ADC_Get                                                            08/10/25  12:04:18  PAGE 3   

  edata size           =    ------     ------
  bit size             =         1     ------
  ebit size            =    ------     ------
  bitaddressable size  =    ------     ------
  ebitaddressable size =    ------     ------
  far data size        =    ------     ------
  huge data size       =    ------     ------
  const size           =    ------     ------
  hconst size          =        77     ------
End of Module Information.


C251 COMPILATION COMPLETE.  0 WARNING(S),  0 ERROR(S)
