C251 COMPILER V5.60.0,  Device_Test                                                        08/11/25  14:24:47  PAGE 1   


C251 COMPILER V5.60.0, COMPILATION OF MODULE Device_Test
OBJECT MODULE PLACED IN .\out_file\Device_Test.obj
COMPILER INVOKED BY: D:\keil\C251\BIN\C251.EXE ..\code\Device_Test.c LARGE NOALIAS FLOAT64 WARNINGLEVEL(3) OPTIMIZE(3,SI
                    -ZE) BROWSE INCDIR(..\..\libraries\zf_common;..\..\libraries\zf_components;..\..\libraries\zf_device;..\..\libraries\zf_d
                    -river;..\user;..\code) DEBUG PRINT(.\out_file\Device_Test.lst) OBJECT(.\out_file\Device_Test.obj) 

stmt  level    source

    1          #include "Device_Test.h"
    2          
    3          void Serve_Test(void)
    4          {
    5   1              unsigned char a;
    6   1              unsigned char j;
    7   1      
    8   1              for(j=0;j<3;j++)
    9   1              {
   10   2                      for(a=0;a<180;a++)
   11   2                      {
   12   3                              Ser_Servo_Duty(754+a);
   13   3                              system_delay_ms(20);
   14   3                              if(CAR_Mode!=TEST_SERVO){return;}
   15   3                      }
   16   2                      for(a=0;a<180;a++)
   17   2                      {
   18   3                              Ser_Servo_Duty(934-a);
   19   3                              system_delay_ms(20);
   20   3                              if(CAR_Mode!=TEST_SERVO){return;}
   21   3                      }
   22   2              }
   23   1      }
   24          
   25          void PWM_Test(void)
   26          {
   27   1              MotorL_SetSpeed(Test_LPWM*100);
   28   1              MotorR_SetSpeed(Test_RPWM*100);
   29   1      }
   30          
   31          void Set_Sevo(void)
   32          {
   33   1              Ser_Servo_Duty(S_Value*10);
   34   1      }


Module Information          Static   Overlayable
------------------------------------------------
  code size            =       163     ------
  ecode size           =    ------     ------
  data size            =    ------     ------
  idata size           =    ------     ------
  pdata size           =    ------     ------
  xdata size           =    ------     ------
  xdata-const size     =    ------     ------
  edata size           =    ------     ------
  bit size             =    ------     ------
  ebit size            =    ------     ------
  bitaddressable size  =    ------     ------
  ebitaddressable size =    ------     ------
  far data size        =    ------     ------
  huge data size       =    ------     ------
  const size           =    ------     ------
  hconst size          =    ------     ------
End of Module Information.


C251 COMPILATION COMPLETE.  0 WARNING(S),  0 ERROR(S)
