C251 COMPILER V5.60.0,  main                                                               26/09/25  18:18:13  PAGE 1   


C251 COMPILER V5.60.0, COMPILATION OF MODULE main
OBJECT MODULE PLACED IN .\out_file\main.obj
COMPILER INVOKED BY: D:\keil\C251\BIN\C251.EXE ..\user\main.c LARGE NOALIAS FLOAT64 WARNINGLEVEL(3) OPTIMIZE(3,SIZE) BRO
                    -WSE INCDIR(..\..\libraries\zf_common;..\..\libraries\zf_components;..\..\libraries\zf_device;..\..\libraries\zf_driver;.
                    -.\user;..\code) DEBUG PRINT(.\out_file\main.lst) OBJECT(.\out_file\main.obj) 

stmt  level    source

    1          #include "zf_common_headfile.h"
    2          int T;
    3          int T3;
    4          int T4;
    5          unsigned char pit_Flag;
    6          void pit_handler0 (void);
    7          void pit_handler1 (void);
    8          void main()
    9          {
   10   1              clock_init(SYSTEM_CLOCK_40M);                           // 务必保留
   11   1              debug_init();                                                           // 务必保留
   12   1              /****************************************************/
   13   1              tim0_irq_handler = pit_handler0;// 设置定时器0中断回调函数
   14   1              tim1_irq_handler = pit_handler1;// 设置定时器0中断回调函数
   15   1              init_all();
   16   1              
   17   1          while(1)
   18   1              {
   19   2                      if(pit_Flag==1)
   20   2                      {
   21   3                              if(CAR_Mode==GO || CAR_Mode==GO_Pararm1 || CAR_Mode==GO_Pararm2 || CAR_Mode==GO_Pararm3 || CAR_Mode==A
             -DC_Show)
   22   3                              {
   23   4                                      ADC_SampleAndFilter();
   24   4                                      Servo_turn_pid(unification());
   25   4                              }
   26   3                              pit_Flag=0;
   27   3                      }
   28   2                      switch(CAR_Mode)
   29   2                      {
   30   3                              case STOP:
   31   3                              {
   32   4                                      EA=0;
   33   4                                      if(Key)
   34   4                                      {
   35   5                                              menu_handle_key(Key);
   36   5                                              Key=0;
   37   5                                      }
   38   4                                      EA=1;
   39   4                              }break;
   40   3                              case GO:
   41   3                              {
   42   4                                      SET_Time();
   43   4                                      Protect();
   44   4      //                              LineLossProtection();
   45   4                              }break;
   46   3                              case TEST_PWM: PWM_Test();break;
   47   3                              case TEST_SERVO: Serve_Test();break;
   48   3                              case GO_Pararm1: 
   49   3                              {
   50   4                                      SET_Time();
   51   4                                      Protect();
   52   4      //                              LineLossProtection();
   53   4                              }break;
   54   3                              case GO_Pararm2: 
   55   3                              {
   56   4                                      SET_Time();
C251 COMPILER V5.60.0,  main                                                               26/09/25  18:18:13  PAGE 2   

   57   4                                      Protect();
   58   4      //                              LineLossProtection();
   59   4                              }break;
   60   3                              case GO_Pararm3: 
   61   3                              {
   62   4                                      SET_Time();
   63   4                                      Protect();
   64   4      //                              LineLossProtection();
   65   4                              }break;
   66   3                      }
   67   2                      
   68   2         }
   69   1      }
   70          void pit_handler0(void)
   71          {
   72   1              pit_Flag=1;
   73   1      }
   74          
   75          void pit_handler1(void)
   76          {
   77   1              T++;
   78   1              T3++;
   79   1              if(CAR_Mode==STOP || CAR_Mode==ADC_Show)
   80   1              {
   81   2                      Key_scaner();
   82   2              }
   83   1              if(T>50)
   84   1              {
   85   2                      T=0;
   86   2                      Show_pararm();
   87   2              }
   88   1              if(T3>100)
   89   1              {
   90   2                      T3=0;
   91   2                      Set_T++;
   92   2              }
   93   1      }


Module Information          Static   Overlayable
------------------------------------------------
  code size            =       334     ------
  ecode size           =    ------     ------
  data size            =    ------     ------
  idata size           =    ------     ------
  pdata size           =    ------     ------
  xdata size           =         7     ------
  xdata-const size     =    ------     ------
  edata size           =    ------     ------
  bit size             =    ------     ------
  ebit size            =    ------     ------
  bitaddressable size  =    ------     ------
  ebitaddressable size =    ------     ------
  far data size        =    ------     ------
  huge data size       =    ------     ------
  const size           =    ------     ------
  hconst size          =         2     ------
End of Module Information.


C251 COMPILATION COMPLETE.  0 WARNING(S),  0 ERROR(S)
