C251 COMPILER V5.60.0,  menu_font                                                          24/10/25  21:07:46  PAGE 1   


C251 COMPILER V5.60.0, COMPILATION OF MODULE menu_font
OBJECT MODULE PLACED IN .\out_file\menu_font.obj
COMPILER INVOKED BY: D:\keil\C251\BIN\C251.EXE ..\code\menu_font.c LARGE NOALIAS FLOAT64 WARNINGLEVEL(3) OPTIMIZE(3,SIZE
                    -) BROWSE INCDIR(..\..\libraries\zf_common;..\..\libraries\zf_components;..\..\libraries\zf_device;..\..\libraries\zf_dri
                    -ver;..\user;..\code) DEBUG PRINT(.\out_file\menu_font.lst) OBJECT(.\out_file\menu_font.obj) 

stmt  level    source

    1          #include "menu_font.h"
    2          float Num[Num_Col][Page_Row_Number]={
    3                  {-1  ,1   ,2  ,3  ,4  ,-1 ,3 ,-1 ,-1,620,180,600,200},
    4                  {-1  ,-1  ,0  ,7.2 ,7.2 ,12,230,12 ,-10  ,500 },//GO模式
    5                  {-1  ,-1  ,0  ,6.5  ,6.5,12 ,250,15 ,-10  ,500},//GPO1模式
    6                  {-1  ,-1  ,10  ,6.3 ,6.3 ,12 ,230,2 ,-10  ,500},//GPO2模式
    7                  {-1  ,-1  ,0  ,0 ,0 ,6 ,270,30 ,0  ,60 },//GPO3模式
    8                  {-1  ,-1  ,-1 ,585,-1 ,-1,-1 ,-1 ,-1,-1 },
    9                          {-1  ,20  ,20 ,3  ,-1 ,-1,-1 ,-1 ,-1,-1 },
   10                  {-1  ,1.5   ,30 ,2  ,30 ,0.5 ,10 ,-5 ,20, 300,300},//速度策略参数gpo1
   11                          
   12                          {-1  ,25  ,250 ,13  ,3.5,13 ,3.5 ,-1 ,-1,-1 },//GOpid
   13                          {-1  ,25  ,250 ,13  ,3.5,13 ,3.5 ,-1 ,-1,-1 },//GPO1pid
   14                          {-1  ,27  ,270 ,13  ,3.5,13 ,3.5,-1 ,-1,-1 },//GPO2pid
   15                          {-1  ,0  ,0 ,6  ,1,6 ,1,-1 ,-1,-1 }};//GPO3pid
   16          
   17          unsigned char Page0_children[Page_Row_Number+1]={0,1,2,3,4,7,0,0,5};//子字节菜单,第二三四五行转到Page[1],
             -Page[2]，Page[3]，Page[4]，
   18          unsigned char Page5_children[Page_Row_Number+1]={0, 6};//子字节菜单,第二三行转到Page[5],Page[6]
   19          unsigned char Page1_children[Page_Row_Number+1]={0, 8};
   20          unsigned char Page2_children[Page_Row_Number+1]={0, 9};
   21          unsigned char Page3_children[Page_Row_Number+1]={0, 10};
   22          unsigned char Page4_children[Page_Row_Number+1]={0, 11};
   23          
   24          
   25          /*结构体第一行是   序列号————用于控制显示数据的逻辑(序列号是多少，就显示哪一数组的数据)
   26           *结构体第二行是   显示的数据
   27           *结构体第三行是   父指针用(函数自动配置）
   28           *结构体第四行是   子指针数组(位置对应行数)用函数配置
   29           */
   30          struct Menu Page[Struct_Number]={
   31              {   0,
   32                      {"back","GOP","GOP1","GOP2","GOP3","Time","Pro","ADC","Test","Valu1","ADC_F1","Valu2","ADC_F2
             -"}},
   33              {   1,
   34                      {"back","PID","Mode","L_PWM","R_PWM","J_time","Angle","D_Time","LorR","turn"}},
   35              {   2,
   36                      {"back","PID","Mode","L_PWM1","R_PWM1","J_time1","C_time1","D_Time1","LorR1","turn1"}},
   37              {   3,
   38                      {"back","PID","Mode","L_PWM2","R_PWM2","J_time2","C_time2","D_Time2","LorR2","turn2"}},
   39              {   4,
   40                      {"back","PID","Mode","L_PWM3","R_PWM3","J_time3","C_time3","D_Time3","LorR3","turn3"}},
   41              {   5,
   42                      {"back","PWM","Servo","S_Value","","","","",""}},
   43              {   6,
   44                      {"back","LPWM","RPWM","","","","","",""}},
   45                  {   7,
   46                      {"back","S_add","S_J_Ti","L_add","L_J_Ti","B_sped","Be_J_T","L_T_B_V","L_T_B_T","S_Val","B_Va
             -l"}},
   47                  {   8,
   48                      {"back","S_KP","S_KD","ML_KP","ML_KI","MR_KP","MR_KI","",""}},
   49                  {   9,
   50                      {"back","S_KP1","S_KD1","ML_KP1","ML_KI1","MR_KP1","MR_KI1","",""}},
   51                  {   10,
   52                      {"back","S_KP2","S_KD2","ML_KP2","ML_KI2","MR_KP2","MR_KI2","",""}},
   53                  {   11,
   54                      {"back","S_KP3","S_KD3","ML_KP3","ML_KI3","MR_KP3","MR_KI3","",""}},
C251 COMPILER V5.60.0,  menu_font                                                          24/10/25  21:07:46  PAGE 2   

   55          };
   56          
   57          struct Menu *Pin=&Page[0];//灵活指针
   58          
   59          //ADC采样参数                                                           
   60          unsigned int ADC_1 = 0, ADC_2 = 0, ADC_3 = 0, ADC_4 = 0,ADC_5 = 0, ADC_6 = 0, ADC_8 = 0;                        //ADC采样值


Module Information          Static   Overlayable
------------------------------------------------
  code size            =    ------     ------
  ecode size           =    ------     ------
  data size            =    ------     ------
  idata size           =    ------     ------
  pdata size           =    ------     ------
  xdata size           =      2658     ------
  xdata-const size     =    ------     ------
  edata size           =    ------     ------
  bit size             =    ------     ------
  ebit size            =    ------     ------
  bitaddressable size  =    ------     ------
  ebitaddressable size =    ------     ------
  far data size        =    ------     ------
  huge data size       =    ------     ------
  const size           =    ------     ------
  hconst size          =      2738     ------
End of Module Information.


C251 COMPILATION COMPLETE.  0 WARNING(S),  0 ERROR(S)
