C251 COMPILER V5.60.0,  Strategy                                                           07/10/25  10:39:06  PAGE 1   


C251 COMPILER V5.60.0, COMPILATION OF MODULE Strategy
OBJECT MODULE PLACED IN .\out_file\Strategy.obj
COMPILER INVOKED BY: D:\keil\C251\BIN\C251.EXE ..\code\Strategy.c LARGE NOALIAS FLOAT64 WARNINGLEVEL(3) OPTIMIZE(3,SIZE)
                    - BROWSE INCDIR(..\..\libraries\zf_common;..\..\libraries\zf_components;..\..\libraries\zf_device;..\..\libraries\zf_driv
                    -er;..\user;..\code) DEBUG PRINT(.\out_file\Strategy.lst) OBJECT(.\out_file\Strategy.obj) 

stmt  level    source

    1          #include "Strategy.h"
    2          float uni=0;
    3          float last_uni=0;
    4          unsigned int if_time=0;
    5          unsigned int if2_time=0;
    6          unsigned int Continue_Time=0;
    7          unsigned char Enter_Flag_Left=0;
    8          unsigned char Cycle_Stat=EXIT;
    9          
   10          unsigned char Road_Stat=Normal_Str;
   11          unsigned int Short_Time=0;
   12          unsigned int Long_Time=0;
   13          unsigned int Bend_Time=0;
   14          unsigned int slow_Time=0;
   15          
   16          unsigned int Entern_Flag_Time=0;
   17          unsigned int Entern_Delay_Time=0;
   18          unsigned int Entern_Continue_Time=0;
   19          int turn_Value=0;
   20          int Mode_Flag=0;
   21          
   22          unsigned int Not_Time=0;
   23          //环岛判断
   24          void if_Cycle(void)
   25          {
   26   1              switch(Cycle_Stat)
   27   1              {
   28   2                      case EXIT:
   29   2                      {
   30   3                              
   31   3                              if(ADC_2==1023 || ADC_3==1023 )
   32   3                              {
   33   4                                      if_time++;
   34   4                                      if(if_time>Entern_Flag_Time)
   35   4                                      {
   36   5                                              Cycle_Stat=APPROACH;
   37   5                                              if_time=0;
   38   5                                      }
   39   4                              }
   40   3                              else
   41   3                              {
   42   4                                      if_time=0;
   43   4                              }
   44   3                              break;
   45   3                      }
   46   2                      case APPROACH:
   47   2                      {
   48   3                              if(ADC_2!=1023 || ADC_3!=1023)
   49   3                              {
   50   4                                      if2_time++;
   51   4                                      if(if2_time>Entern_Delay_Time)
   52   4                                      {
   53   5                                              Cycle_Stat=Left_ENTER;
   54   5                                              if2_time=0;
   55   5                                      }
   56   4                              }
   57   3                              else
C251 COMPILER V5.60.0,  Strategy                                                           07/10/25  10:39:06  PAGE 2   

   58   3                              {
   59   4                                      if2_time=0;
   60   4                              }
   61   3                              break;
   62   3                      }
   63   2                      case Left_ENTER:
   64   2                      {
   65   3                              Enter_Flag_Left=1;
   66   3                              Buzzer_ON();
   67   3                              Continue_Time++;
   68   3                              if(Continue_Time>Entern_Continue_Time)
   69   3                              {
   70   4                                      Cycle_Stat=EXIT;
   71   4                                      Continue_Time = 0;  //
   72   4                      Enter_Flag_Left = 0;     //
   73   4                                      Buzzer_OFF();
   74   4                              }
   75   3                              break;
   76   3                      }
   77   2                      default :
   78   2                      {
   79   3                              CAR_STOP();
   80   3                              break;
   81   3                      }
   82   2              }
   83   1      
   84   1      }
   85          //切弯补丁
   86          int Help_turn()
   87          {
   88   1              int left  = ADC_1 + ADC_2;
   89   1              int right = ADC_3 + ADC_4;
   90   1              if (left < 200 && right < 200)
   91   1              {
   92   2                      // 同时满足，取较小一侧优先
   93   2                      if (left < right)
   94   2                              return -40;   // 左
   95   2                      else
   96   2                              return 40;    // 右
   97   2              }
   98   1              else if (left < 200)
   99   1              {
  100   2                      return -40;   // 左
  101   2              }
  102   1              else if (right < 200)
  103   1              {
  104   2                      return 40;    // 右
  105   2              }
  106   1              else
  107   1              {
  108   2                      return 0;     // 不转
  109   2              }
  110   1      }
  111          
  112          void State_of_road(void)
  113          {
  114   1              switch(Road_Stat)
  115   1              {
  116   2                      case Normal_Str:
  117   2                      {
  118   3                              if(dajiao<Stright_Flag_Value && dajiao>-Stright_Flag_Value)
  119   3                              {
  120   4                                      Short_Time++;
  121   4                                      if(Short_Time>Short_Judge_Time)
  122   4                                      {
  123   5                                              Buzzer_OFF();
C251 COMPILER V5.60.0,  Strategy                                                           07/10/25  10:39:06  PAGE 3   

  124   5                                              Short_Time=0;
  125   5                                              Road_Stat=Short_Str;
  126   5                                              Motor_Update(Short_add);
  127   5                                              tft180_show_string(0,0*16,"Short");
  128   5                                      }
  129   4                              }
  130   3                              else
  131   3                  {
  132   4                      Short_Time=0; // 重要：条件不满足时重置计时
  133   4                  }
  134   3                              break;
  135   3                      }
  136   2                      case Short_Str:
  137   2                      {
  138   3                              if(dajiao<Stright_Flag_Value && dajiao>-Stright_Flag_Value)
  139   3                              {
  140   4                                      Long_Time++;
  141   4                                      Not_Time=0;
  142   4                                      if(Long_Time>Long_Judge_Time)
  143   4                                      {
  144   5                                              Buzzer_OFF();
  145   5                                              Long_Time=0;
  146   5                                              Road_Stat=Long_Str;
  147   5                                              Motor_Update(Long_add);
  148   5                                              tft180_show_string(0,0*16,"Long");
  149   5                                      }
  150   4                              }
  151   3                              else
  152   3                              {
  153   4                                      Long_Time=0;
  154   4                                      Not_Time++;
  155   4                                      {
  156   5                                              if(Not_Time>30)
  157   5                                              {
  158   6                                                      Not_Time=0;
  159   6                                                      Road_Stat=Normal_Str;
  160   6                                                      tft180_show_string(0,0*16,"Normal");
  161   6                                              }
  162   5                                      }
  163   4                              }
  164   3                              break;
  165   3                      }
  166   2                      case Long_Str:
  167   2                      {
  168   3                              if(dajiao>Bend_Flag_Value || dajiao<-Bend_Flag_Value)
  169   3                              {
  170   4                                      Bend_Time++;
  171   4                                      if(Bend_Time>5)
  172   4                                      {
  173   5                                              Buzzer_ON();
  174   5                                              Bend_Time=0;
  175   5                                              Road_Stat=Bend;
  176   5                                              Motor_Update(0);
  177   5                                              tft180_show_string(0,0*16,"Bend");
  178   5                                      }
  179   4                              
  180   4                              }
  181   3                              else
  182   3                              {
  183   4                                      Bend_Time=0;
  184   4                              }
  185   3                              break;
  186   3                      }
  187   2                      case Bend:
  188   2                      {
  189   3                              slow_Time++;
C251 COMPILER V5.60.0,  Strategy                                                           07/10/25  10:39:06  PAGE 4   

  190   3                              if(slow_Time<Bend_Slow_Time)
  191   3                              {
  192   4                                      Motor_Update(Bend_slow);
  193   4                              }
  194   3                              else
  195   3                              {
  196   4                                      if(dajiao>Bend_Flag_Value)
  197   4                                      {
  198   5                                              Motor_Update(0);
  199   5                                      }
  200   4                                      else if( dajiao<-Bend_Flag_Value)
  201   4                                      {
  202   5                                              Motor_Update(0);
  203   5                                      }
  204   4                                      else
  205   4                                      {
  206   5                                              Buzzer_OFF();
  207   5                                              slow_Time=0;
  208   5                                              Road_Stat=Normal_Str;
  209   5                                              Motor_Update(0);
  210   5                                              tft180_show_string(0,0*16,"Normal");
  211   5                                      }
  212   4                              }
  213   3                              break;
  214   3                      }
  215   2                      default :
  216   2                      {
  217   3                              Buzzer_OFF();
  218   3                              CAR_STOP();
  219   3                              break;
  220   3                      }
  221   2              
  222   2              }       
  223   1      
  224   1      }


Module Information          Static   Overlayable
------------------------------------------------
  code size            =      1042     ------
  ecode size           =    ------     ------
  data size            =    ------     ------
  idata size           =    ------     ------
  pdata size           =    ------     ------
  xdata size           =        37     ------
  xdata-const size     =    ------     ------
  edata size           =    ------     ------
  bit size             =    ------     ------
  ebit size            =    ------     ------
  bitaddressable size  =    ------     ------
  ebitaddressable size =    ------     ------
  far data size        =    ------     ------
  huge data size       =    ------     ------
  const size           =    ------     ------
  hconst size          =       150     ------
End of Module Information.


C251 COMPILATION COMPLETE.  0 WARNING(S),  0 ERROR(S)
