C251 COMPILER V5.60.0,  Strategy                                                           05/10/25  16:56:49  PAGE 1   


C251 COMPILER V5.60.0, COMPILATION OF MODULE Strategy
OBJECT MODULE PLACED IN .\out_file\Strategy.obj
COMPILER INVOKED BY: D:\keil\C251\BIN\C251.EXE ..\code\Strategy.c LARGE NOALIAS FLOAT64 WARNINGLEVEL(3) OPTIMIZE(3,SIZE)
                    - BROWSE INCDIR(..\..\libraries\zf_common;..\..\libraries\zf_components;..\..\libraries\zf_device;..\..\libraries\zf_driv
                    -er;..\user;..\code) DEBUG PRINT(.\out_file\Strategy.lst) OBJECT(.\out_file\Strategy.obj) 

stmt  level    source

    1          #include "Strategy.h"
    2          float uni=0;
    3          float last_uni=0;
    4          unsigned int if_time=0;
    5          unsigned int if2_time=0;
    6          unsigned int Continue_Time=0;
    7          unsigned char Enter_Flag_Left=0;
    8          unsigned char Cycle_Stat=EXIT;
    9          
   10          unsigned char Road_Stat=Normal_Str;
   11          unsigned int Short_Time=0;
   12          unsigned int Long_Time=0;
   13          unsigned int Bend_Time=0;
   14          unsigned int slow_Time=0;
   15          
   16          unsigned int Entern_Flag_Time=0;
   17          unsigned int Entern_Delay_Time=0;
   18          unsigned int Entern_Continue_Time=0;
   19          int turn_Value=0;
   20          int Mode_Flag=0;
   21          
   22          unsigned int Not_Time=0;
   23          //环岛判断
   24          void if_Cycle(void)
   25          {
   26   1              switch(Cycle_Stat)
   27   1              {
   28   2                      case EXIT:
   29   2                      {
   30   3                              
   31   3                              if(ADC_2==1023 || ADC_3==1023 )
   32   3                              {
   33   4                                      if_time++;
   34   4                                      if(if_time>Entern_Flag_Time)
   35   4                                      {
   36   5                                              Cycle_Stat=APPROACH;
   37   5                                              if_time=0;
   38   5                                      }
   39   4                              }
   40   3                              else
   41   3                              {
   42   4                                      if_time=0;
   43   4                              }
   44   3                              break;
   45   3                      }
   46   2                      case APPROACH:
   47   2                      {
   48   3                              if(ADC_2!=1023 || ADC_3!=1023)
   49   3                              {
   50   4                                      if2_time++;
   51   4                                      if(if2_time>Entern_Delay_Time)
   52   4                                      {
   53   5                                              Cycle_Stat=Left_ENTER;
   54   5                                              if2_time=0;
   55   5                                      }
   56   4                              }
   57   3                              break;
C251 COMPILER V5.60.0,  Strategy                                                           05/10/25  16:56:49  PAGE 2   

   58   3                      }
   59   2                      case Left_ENTER:
   60   2                      {
   61   3                              Enter_Flag_Left=1;
   62   3                              Buzzer_ON();
   63   3                              Continue_Time++;
   64   3                              if(Continue_Time>Entern_Continue_Time)
   65   3                              {
   66   4                                      Cycle_Stat=EXIT;
   67   4                                      Continue_Time = 0;  //
   68   4                      Enter_Flag_Left = 0;     //
   69   4                                      Buzzer_OFF();
   70   4                              }
   71   3                              break;
   72   3                      }
   73   2                      default :
   74   2                      {
   75   3                              CAR_STOP();
   76   3                              break;
   77   3                      }
   78   2              }
   79   1      
   80   1      }
   81          //切弯补丁
   82          int Help_turn()
   83          {
   84   1              int left  = ADC_1 + ADC_2;
   85   1              int right = ADC_3 + ADC_4;
   86   1              if (left < 200 && right < 200)
   87   1              {
   88   2                      // 同时满足，取较小一侧优先
   89   2                      if (left < right)
   90   2                              return -40;   // 左
   91   2                      else
   92   2                              return 40;    // 右
   93   2              }
   94   1              else if (left < 200)
   95   1              {
   96   2                      return -40;   // 左
   97   2              }
   98   1              else if (right < 200)
   99   1              {
  100   2                      return 40;    // 右
  101   2              }
  102   1              else
  103   1              {
  104   2                      return 0;     // 不转
  105   2              }
  106   1      }
  107          
  108          void State_of_road(void)
  109          {
  110   1              switch(Road_Stat)
  111   1              {
  112   2                      case Normal_Str:
  113   2                      {
  114   3                              if(dajiao<Stright_Flag_Value && dajiao>-Stright_Flag_Value)
  115   3                              {
  116   4                                      Short_Time++;
  117   4                                      if(Short_Time>Short_Judge_Time)
  118   4                                      {
  119   5                                              Short_Time=0;
  120   5                                              Road_Stat=Short_Str;
  121   5                                              Motor_Update(Short_add);
  122   5                                              Buzzer_ON();
  123   5                                              tft180_show_string(0,0*16,"Short");
C251 COMPILER V5.60.0,  Strategy                                                           05/10/25  16:56:49  PAGE 3   

  124   5                                      }
  125   4                              }
  126   3                              break;
  127   3                      }
  128   2                      case Short_Str:
  129   2                      {
  130   3                              if(dajiao<Stright_Flag_Value && dajiao>-Stright_Flag_Value)
  131   3                              {
  132   4                                      Long_Time++;
  133   4                                      Not_Time=0;
  134   4                                      if(Long_Time>Long_Judge_Time)
  135   4                                      {
  136   5                                              Long_Time=0;
  137   5                                              Road_Stat=Long_Str;
  138   5                                              Buzzer_ON();
  139   5                                              Motor_Update(Long_add);
  140   5                                              tft180_show_string(0,0*16,"Long");
  141   5                                      }
  142   4                              }
  143   3                              else
  144   3                              {
  145   4                                      Not_Time++;
  146   4                                      {
  147   5                                              if(Not_Time>30)
  148   5                                              {
  149   6                                                      Not_Time=0;
  150   6                                                      Road_Stat=Normal_Str;
  151   6                                                      tft180_show_string(0,0*16,"Normal");
  152   6                                                      Buzzer_OFF();
  153   6                                              }
  154   5                                      }
  155   4                              }
  156   3                              break;
  157   3                      }
  158   2                      case Long_Str:
  159   2                      {
  160   3                              if(dajiao>Bend_Flag_Value || dajiao<-Bend_Flag_Value)
  161   3                              {
  162   4                                      Bend_Time++;
  163   4                                      if(Bend_Time>5)
  164   4                                      {
  165   5                                              Bend_Time=0;
  166   5                                              Road_Stat=Bend;
  167   5                                              Motor_Update(0);
  168   5                                              Buzzer_OFF();
  169   5                                              tft180_show_string(0,0*16,"Bend");
  170   5                                      }
  171   4                              
  172   4                              }
  173   3                              break;
  174   3                      }
  175   2                      case Bend:
  176   2                      {
  177   3                              slow_Time++;
  178   3                              if(slow_Time<Bend_Slow_Time)
  179   3                              {
  180   4                                      Motor_Update(Bend_slow);
  181   4                              }
  182   3                              else
  183   3                              {
  184   4                                      if(dajiao>Bend_Flag_Value)
  185   4                                      {
  186   5                                              Motor_Update(0);
  187   5                                      }
  188   4                                      else if( dajiao<-Bend_Flag_Value)
  189   4                                      {
C251 COMPILER V5.60.0,  Strategy                                                           05/10/25  16:56:49  PAGE 4   

  190   5                                              Motor_Update(0);
  191   5                                      }
  192   4                                      else
  193   4                                      {
  194   5                                              slow_Time=0;
  195   5                                              Road_Stat=Normal_Str;
  196   5                                              Motor_Update(0);
  197   5                                              Buzzer_OFF();
  198   5                                              tft180_show_string(0,0*16,"Normal");
  199   5                                      }
  200   4                              }
  201   3                              break;
  202   3                      }
  203   2                      default :
  204   2                      {
  205   3                              CAR_STOP();
  206   3                              break;
  207   3                      }
  208   2              
  209   2              }       
  210   1      
  211   1      }


Module Information          Static   Overlayable
------------------------------------------------
  code size            =      1011     ------
  ecode size           =    ------     ------
  data size            =    ------     ------
  idata size           =    ------     ------
  pdata size           =    ------     ------
  xdata size           =        37     ------
  xdata-const size     =    ------     ------
  edata size           =    ------     ------
  bit size             =    ------     ------
  ebit size            =    ------     ------
  bitaddressable size  =    ------     ------
  ebitaddressable size =    ------     ------
  far data size        =    ------     ------
  huge data size       =    ------     ------
  const size           =    ------     ------
  hconst size          =       150     ------
End of Module Information.


C251 COMPILATION COMPLETE.  0 WARNING(S),  0 ERROR(S)
